0.00.886.678 W load: override 'tokenizer.ggml.add_bos_token' to 'true' for Gemma4
0.00.964.416 W load: control-looking token:    212 '</s>' was not control-type; this is probably a bug in the model. its type will be overridden
0.00.965.038 W load: control-looking token:     50 '<|tool_response>' was not control-type; this is probably a bug in the model. its type will be overridden
0.00.997.303 W load: special_eog_ids contains '<|tool_response>', removing '</s>' token from EOG list
v100-server:963254:963254 [1] NCCL INFO ncclOsDlopen(libnccl-env.so) failed: libnccl-env.so: cannot open shared object file: No such file or directory
v100-server:963254:963254 [1] NCCL INFO ENV/Plugin: Could not find: libnccl-env.so
v100-server:963254:963254 [1] NCCL INFO cudaDriverVersion 13000
v100-server:963254:963254 [1] NCCL INFO Bootstrap: Using primary-net:192.0.2.10<0>
v100-server:963254:966598 [0] NCCL INFO Socket handshake magic 0x564ab9f2fc4b9d6c (built-in default)
v100-server:963254:963254 [0] NCCL INFO NCCL version 2.30.7+cuda12.9
v100-server:963254:963254 [0] NCCL INFO NCCL git version HEAD a5187fa2e
v100-server:963254:966601 [1] NCCL INFO ncclOsDlopen(libnccl-net.so) failed: libnccl-net.so: cannot open shared object file: No such file or directory
v100-server:963254:966601 [1] NCCL INFO NET/Plugin: Could not find: libnccl-net.so
v100-server:963254:966601 [1] NCCL INFO Count not open libibverbs.so
v100-server:963254:966601 [1] NCCL INFO NET/IB : No device found.
v100-server:963254:966601 [1] NCCL INFO NET/IB : Using [RO]; OOB primary-net:192.0.2.10<0>
v100-server:963254:966601 [1] NCCL INFO Failed to initialize NET plugin IB
v100-server:963254:966601 [1] NCCL INFO NET/Socket : Using [0]primary-net:192.0.2.10<0> [additional local interfaces redacted]
v100-server:963254:966601 [1] NCCL INFO Initialized NET plugin Socket
v100-server:963254:966601 [1] NCCL INFO Assigned NET plugin Socket to comm
v100-server:963254:966600 [0] NCCL INFO Initialized NET plugin Socket
v100-server:963254:966600 [0] NCCL INFO Assigned NET plugin Socket to comm
v100-server:963254:966601 [1] NCCL INFO ncclOsDlopen(libnccl-rma.so) failed: libnccl-rma.so: cannot open shared object file: No such file or directory
v100-server:963254:966601 [1] NCCL INFO RMA/Plugin: Could not find: libnccl-rma.so
v100-server:963254:966601 [1] NCCL INFO RMA/Plugin: Failed to load external plugin libnccl-rma.so, dlHandle: (nil), ncclRma: (nil)
v100-server:963254:966601 [1] NCCL INFO RMA/Plugin: Failed to initialize any plugin
v100-server:963254:966600 [0] NCCL INFO RMA/Plugin: Failed to initialize any plugin
v100-server:963254:966601 [1] NCCL INFO ncclOsDlopen(libnccl-gin.so) failed: libnccl-gin.so: cannot open shared object file: No such file or directory
v100-server:963254:966601 [1] NCCL INFO GIN/Plugin: Could not find: libnccl-gin.so
v100-server:963254:966601 [1] NCCL INFO GIN/Plugin: Failed to load external plugin libnccl-gin.so, dlHandle: (nil), ncclGin: (nil)
v100-server:963254:966601 [1] NCCL INFO GIN/Plugin: Failed to initialize any GIN plugin
v100-server:963254:966601 [1] NCCL INFO Using network Socket
v100-server:963254:966600 [0] NCCL INFO GIN/Plugin: Failed to initialize any GIN plugin
v100-server:963254:966600 [0] NCCL INFO Using network Socket
v100-server:963254:966600 [0] NCCL INFO Loaded NVML from libnvidia-ml.so.1
v100-server:963254:966600 [0] NCCL INFO [Rank 0] ncclCommInitAll comm 0x5c84eefe6900 rank 0 nranks 2 cudaDev 0 nvmlDev 0 busId 1000 commId 0x2ecf290969dd355e - Init START
v100-server:963254:966601 [1] NCCL INFO [Rank 1] ncclCommInitAll comm 0x5c84eed68050 rank 1 nranks 2 cudaDev 1 nvmlDev 1 busId 2000 commId 0x2ecf290969dd355e - Init START
v100-server:963254:966601 [1] NCCL INFO RAS client listening socket at 127.0.0.1<28028>
v100-server:963254:966600 [0] NCCL INFO Bootstrap timings total 0.008347 (create 0.007434, send 0.000111, recv 0.000133, ring 0.000028, delay 0.000009)
v100-server:963254:966601 [1] NCCL INFO Bootstrap timings total 0.008318 (create 0.007399, send 0.000115, recv 0.000192, ring 0.000053, delay 0.000005)
v100-server:963254:966601 [1] NCCL INFO ncclTopoGetCpuAffinity: Affinity for GPU 1 is empty, ignoring. (GPU affinity =  ; CPU affinity = 0-3).
v100-server:963254:966601 [1] NCCL INFO NVLS multicast support is not available on dev 1
v100-server:963254:966601 [1] NCCL INFO Rank 1: 16 Net devices
v100-server:963254:966601 [1] NCCL INFO Rank 1: 0 CollNet devices
v100-server:963254:966600 [0] NCCL INFO ncclTopoGetCpuAffinity: Affinity for GPU 0 is empty, ignoring. (GPU affinity =  ; CPU affinity = 0-3).
v100-server:963254:966600 [0] NCCL INFO NVLS multicast support is not available on dev 0
v100-server:963254:966600 [0] NCCL INFO Rank 0: 16 Net devices
v100-server:963254:966600 [0] NCCL INFO Rank 0: 0 CollNet devices
v100-server:963254:966601 [1] NCCL INFO comm 0x5c84eed68050 rank 1 nRanks 2 nNodes 1 localRanks 2 localRank 1 MNNVL 0
v100-server:963254:966600 [0] NCCL INFO Local Net device counts across ranks: min 16 max 16
v100-server:963254:966600 [0] NCCL INFO Local CollNet device counts across ranks: min 0 max 0
v100-server:963254:966600 [0] NCCL INFO comm 0x5c84eefe6900 rank 0 nRanks 2 nNodes 1 localRanks 2 localRank 0 MNNVL 0
v100-server:963254:966601 [1] NCCL INFO Trees [0] -1/-1/-1->1->0 [1] -1/-1/-1->1->0
v100-server:963254:966600 [0] NCCL INFO Channel 00/02 : 0 1
v100-server:963254:966601 [1] NCCL INFO P2P Chunksize set to 131072
v100-server:963254:966600 [0] NCCL INFO Channel 01/02 : 0 1
v100-server:963254:966600 [0] NCCL INFO Trees [0] 1/-1/-1->0->-1 [1] 1/-1/-1->0->-1
v100-server:963254:966600 [0] NCCL INFO P2P Chunksize set to 131072
v100-server:963254:966600 [0] NCCL INFO ncclOsDlopen(libnccl-profiler.so) failed: libnccl-profiler.so: cannot open shared object file: No such file or directory
v100-server:963254:966600 [0] NCCL INFO PROFILER/Plugin: Could not find: libnccl-profiler.so
v100-server:963254:966600 [0] NCCL INFO Check P2P Type isAllDirectP2p 0 directMode 1 isAllCudaP2p 1
v100-server:963254:966601 [1] NCCL INFO ncclOsDlopen(libnccl-profiler.so) failed: libnccl-profiler.so: cannot open shared object file: No such file or directory
v100-server:963254:966601 [1] NCCL INFO PROFILER/Plugin: Could not find: libnccl-profiler.so
v100-server:963254:966601 [1] NCCL INFO Check P2P Type isAllDirectP2p 0 directMode 1 isAllCudaP2p 1
v100-server:963254:966621 [0] NCCL INFO [Proxy Service] Device 0 CPU core 0
v100-server:963254:966621 [0] NCCL INFO proxy listening socket at 192.0.2.10<55617>
v100-server:963254:966622 [0] NCCL INFO [Proxy Service] Device 1 CPU core 3
v100-server:963254:966622 [1] NCCL INFO proxy listening socket at 192.0.2.10<52891>
v100-server:963254:966623 [0] NCCL INFO [Proxy Service UDS] Device 0 CPU core 3
v100-server:963254:966624 [0] NCCL INFO [Proxy Service UDS] Device 1 CPU core 2
v100-server:963254:966600 [0] NCCL INFO ncclOsDlopen(libnccl-tuner.so) failed: libnccl-tuner.so: cannot open shared object file: No such file or directory
v100-server:963254:966600 [0] NCCL INFO TUNER/Plugin: Could not find: libnccl-tuner.so
v100-server:963254:966601 [1] NCCL INFO threadThresholds 8/8/64 | 16/8/64 | 512 | 512
v100-server:963254:966601 [1] NCCL INFO 2 coll channels, 2 collnet channels, 0 nvls channels, 2 p2p channels, 2 p2p channels per peer
v100-server:963254:966600 [0] NCCL INFO threadThresholds 8/8/64 | 16/8/64 | 512 | 512
v100-server:963254:966600 [0] NCCL INFO 2 coll channels, 2 collnet channels, 0 nvls channels, 2 p2p channels, 2 p2p channels per peer
v100-server:963254:966600 [0] NCCL INFO CC Off, workFifoBytes 1048576
v100-server:963254:966601 [1] NCCL INFO ncclCommInitAll comm 0x5c84eed68050 rank 1 nranks 2 cudaDev 1 nvmlDev 1 busId 2000 commId 0x2ecf290969dd355e - Init COMPLETE
v100-server:963254:966601 [1] NCCL INFO Init timings - ncclCommInitAll: rank 1 nranks 2 total 0.50 (kernels 0.39, alloc 0.08, bootstrap 0.01, allgathers 0.00, topo 0.02, graphs 0.00, connections 0.01, rest 0.00)
v100-server:963254:966600 [0] NCCL INFO ncclCommInitAll comm 0x5c84eefe6900 rank 0 nranks 2 cudaDev 0 nvmlDev 0 busId 1000 commId 0x2ecf290969dd355e - Init COMPLETE
v100-server:963254:966600 [0] NCCL INFO Init timings - ncclCommInitAll: rank 0 nranks 2 total 0.50 (kernels 0.39, alloc 0.08, bootstrap 0.01, allgathers 0.00, topo 0.02, graphs 0.00, connections 0.01, rest 0.00)
v100-server:963254:963254 [1] NCCL INFO Symmetric VA size=16GB
v100-server:963254:963254 [0] NCCL INFO Symmetric VA size=16GB
v100-server:963254:966632 [0] NCCL INFO Channel 00 : 01.33.067.819 I 
1.33.069.419 I system_info: n_threads = 4 (n_threads_batch = 4) / 4 | CUDA : ARCHS = 700 | USE_GRAPHS = 1 | CPU : SSE3 = 1 | SSSE3 = 1 | AVX = 1 | AVX2 = 1 | F16C = 1 | FMA = 1 | BMI2 = 1 | LLAMAFILE = 1 | OPENMP = 1 | REPACK = 1 | 
1.33.131.705 I kl_divergence: computing over 4 chunks, n_ctx=512, batch_size=512, n_seq=1
1.34.422.466 I kl_divergence: 1.29 seconds per pass - ETA [0] -> 1[1] via SHM/direct
v100-server:963254:966631 [1] NCCL INFO Channel 00 : 1[1] -> 0[0] via SHM/direct
v100-server:963254:966632 [0] NCCL INFO Channel 01 : 0[0] -> 1[1] via SHM/direct
v100-server:963254:966631 [1] NCCL INFO Channel 01 : 1[1] -> 0[0] via SHM/direct
v100-server:963254:966632 [0] NCCL INFO Connected all rings, use ring PXN 0 GDR 1
v100-server:963254:966631 [1] NCCL INFO Connected all rings, use ring PXN 0 GDR 1
0.08 minutes

chunk             PPL               ln(PPL(Q)/PPL(base))          KL Divergence              Δp RMS            Same top p
   1     761.6946 ±  301.2119       0.22611 ±    0.05919       0.00206 ±    0.00039     0.873 ±  0.129 %    96.471 ±  1.158 %
   2    1361.9058 ±  382.7678       0.26068 ±    0.04638       0.00123 ±    0.00021     0.724 ±  0.103 %    97.843 ±  0.644 %
   3    1168.0509 ±  258.8709       0.24558 ±    0.03858       0.00162 ±    0.00037     1.017 ±  0.192 %    98.170 ±  0.485 %
   4    1609.4022 ±  303.3081       0.21459 ±    0.03277       0.00275 ±    0.00031     1.248 ±  0.179 %    97.941 ±  0.445 %

====== Perplexity statistics ======
Mean PPL(Q)                   : 1609.402167 ± 303.308101
Mean PPL(base)                : 1298.576619 ± 225.908619
Cor(ln(PPL(Q)), ln(PPL(base))):  98.68%
Mean ln(PPL(Q)/PPL(base))     :   0.214594 ±   0.032770
Mean PPL(Q)/PPL(base)         :   1.239359 ±   0.040614
Mean PPL(Q)-PPL(base)         : 310.825547 ±  88.295178

====== KL divergence statistics ======
Mean    KLD:   0.002752 ±   0.000308
Maximum KLD:   0.221542
99.9%   KLD:   0.118803
99.0%   KLD:   0.036230
95.0%   KLD:   0.010820
90.0%   KLD:   0.006550
Median  KLD:   0.000287
10.0%   KLD:   0.000009
 5.0%   KLD:  -0.000002
 1.0%   KLD:  -0.000031
 0.1%   KLD:  -0.000075
Minimum KLD:  -0.000080

====== Token probability statistics ======
Mean    Δp:  0.027 ± 0.039 %
Maximum Δp: 17.069%
99.9%   Δp: 16.188%
99.0%   Δp:  3.529%
95.0%   Δp:  0.615%
90.0%   Δp:  0.242%
75.0%   Δp:  0.003%
Median  Δp: -0.000%
25.0%   Δp: -0.003%
10.0%   Δp: -0.242%
 5.0%   Δp: -0.694%
 1.0%   Δp: -3.176%
 0.1%   Δp: -6.874%
Minimum Δp: -12.571%
RMS Δp    :  1.248 ± 0.179 %
Same top p: 97.941 ± 0.445 %

