ggml_cuda_init: found 1 CUDA devices (Total VRAM: 16144 MiB):
  Device 0: Tesla V100-SXM2-16GB, compute capability 7.0, VMM: yes, VRAM: 16144 MiB
Testing 2 devices

Backend 1/2: CUDA0
  Device description: Tesla V100-SXM2-16GB
  Device memory: 16144 MB (15828 MB free)

  ADD(type=f16,ne=[1,1,8,1],nr=[1,1,1,1],nf=1,perm1=0,src_overlap=0): [1;32mOK[0m
  ADD(type=f16,ne=[1,1,1,1],nr=[32,1,1,1],nf=1,perm1=0,src_overlap=0): ggml_backend_cuda_graph_compute: CUDA graph warmup complete
[1;32mOK[0m
  ADD(type=f16,ne=[1,1,320,320],nr=[1,1,1,1],nf=1,perm1=0,src_overlap=0): [1;32mOK[0m
  ADD(type=f16,ne=[10,5,1,1],nr=[1,1,1,1],nf=1,perm1=0,src_overlap=0): [1;32mOK[0m
  ADD(type=f16,ne=[10,5,4,1],nr=[1,1,1,1],nf=1,perm1=0,src_overlap=0): ggml_backend_cuda_graph_compute: CUDA graph warmup complete
[1;32mOK[0m
  ADD(type=f16,ne=[10,5,4,3],nr=[1,1,1,1],nf=1,perm1=0,src_overlap=0): [1;32mOK[0m
  ADD(type=f16,ne=[10,5,4,3],nr=[2,1,1,1],nf=1,perm1=0,src_overlap=0): [1;32mOK[0m
  ADD(type=f16,ne=[10,5,4,3],nr=[1,2,1,1],nf=1,perm1=0,src_overlap=0): [1;32mOK[0m
  ADD(type=f16,ne=[10,5,4,3],nr=[1,1,2,1],nf=1,perm1=0,src_overlap=0): [1;32mOK[0m
  ADD(type=f16,ne=[10,5,4,3],nr=[1,1,1,2],nf=1,perm1=0,src_overlap=0): ggml_backend_cuda_graph_compute: CUDA graph warmup complete
[1;32mOK[0m
  ADD(type=f16,ne=[10,5,4,3],nr=[1,1,2,2],nf=1,perm1=0,src_overlap=0): [1;32mOK[0m
  ADD(type=f16,ne=[10,5,4,3],nr=[1,2,2,2],nf=1,perm1=0,src_overlap=0): [1;32mOK[0m
  ADD(type=f16,ne=[10,5,4,3],nr=[2,2,2,2],nf=1,perm1=0,src_overlap=0): [1;32mOK[0m
  ADD(type=f16,ne=[1,1,8,1],nr=[1,1,1,1],nf=1,perm1=1,src_overlap=0): ggml_backend_cuda_graph_compute: CUDA graph warmup complete
[1;32mOK[0m
  ADD(type=f16,ne=[1,1,1,1],nr=[32,1,1,1],nf=1,perm1=1,src_overlap=0): ggml_backend_cuda_graph_compute: CUDA graph warmup complete
[1;32mOK[0m
  ADD(type=f16,ne=[1,1,320,320],nr=[1,1,1,1],nf=1,perm1=1,src_overlap=0): ggml_backend_cuda_graph_compute: CUDA graph warmup complete
ggml_backend_cuda_graph_compute: CUDA graph warmup complete
ggml_backend_cuda_graph_compute: CUDA graph warmup complete
ggml_backend_cuda_graph_compute: CUDA graph warmup complete
[1;32mOK[0m
  ADD(type=f16,ne=[10,5,1,1],nr=[1,1,1,1],nf=1,perm1=1,src_overlap=0): [1;32mOK[0m
  ADD(type=f16,ne=[10,5,4,1],nr=[1,1,1,1],nf=1,perm1=1,src_overlap=0): [1;32mOK[0m
  ADD(type=f16,ne=[10,5,4,3],nr=[1,1,1,1],nf=1,perm1=1,src_overlap=0): ggml_backend_cuda_graph_compute: CUDA graph warmup complete
[1;32mOK[0m
  ADD(type=f16,ne=[10,5,4,3],nr=[2,1,1,1],nf=1,perm1=1,src_overlap=0): ggml_backend_cuda_graph_compute: CUDA graph warmup complete
ggml_backend_cuda_graph_compute: CUDA graph warmup complete
ggml_backend_cuda_graph_compute: CUDA graph warmup complete
ggml_backend_cuda_graph_compute: CUDA graph warmup complete
[1;32mOK[0m
  ADD(type=f16,ne=[10,5,4,3],nr=[1,2,1,1],nf=1,perm1=1,src_overlap=0): [1;32mOK[0m
  ADD(type=f16,ne=[10,5,4,3],nr=[1,1,2,1],nf=1,perm1=1,src_overlap=0): [1;32mOK[0m
  ADD(type=f16,ne=[10,5,4,3],nr=[1,1,1,2],nf=1,perm1=1,src_overlap=0): ggml_backend_cuda_graph_compute: CUDA graph warmup reset
ggml_backend_cuda_graph_compute: CUDA graph warmup reset
ggml_backend_cuda_graph_compute: CUDA graph warmup reset
ggml_backend_cuda_graph_compute: CUDA graph warmup reset
[1;32mOK[0m
  ADD(type=f16,ne=[10,5,4,3],nr=[1,1,2,2],nf=1,perm1=1,src_overlap=0): [1;32mOK[0m
  ADD(type=f16,ne=[10,5,4,3],nr=[1,2,2,2],nf=1,perm1=1,src_overlap=0): [1;32mOK[0m
  ADD(type=f16,ne=[10,5,4,3],nr=[2,2,2,2],nf=1,perm1=1,src_overlap=0): ggml_backend_cuda_graph_compute: CUDA graph warmup reset
[1;32mOK[0m
  ADD(type=f16,ne=[10,5,4,6],nr=[1,1,1,1],nf=1,perm1=0,src_overlap=1): ggml_backend_cuda_graph_compute: CUDA graph warmup complete
[1;32mOK[0m
  ADD(type=f16,ne=[10,5,4,5],nr=[1,1,1,1],nf=1,perm1=0,src_overlap=1): [1;32mOK[0m
  ADD(type=f16,ne=[1,1,120,120],nr=[1,1,1,1],nf=1,perm1=0,src_overlap=1): [1;32mOK[0m
  ADD(type=f16,ne=[1,1,4,320],nr=[1,1,1,1],nf=1,perm1=0,src_overlap=1): ggml_backend_cuda_graph_compute: CUDA graph warmup reset
[1;32mOK[0m
  ADD(type=f16,ne=[1,1,65536,1],nr=[256,1,1,1],nf=1,perm1=0,src_overlap=0): [1;32mOK[0m
  ADD(type=f16,ne=[1280,1,1,1],nr=[1,1,1,1],nf=1,perm1=0,src_overlap=0): ggml_backend_cuda_graph_compute: CUDA graph warmup complete
[1;32mOK[0m
  ADD(type=f16,ne=[1280,1,1,1],nr=[1,16,16,1],nf=1,perm1=0,src_overlap=0): ggml_backend_cuda_graph_compute: CUDA graph warmup complete
[1;32mOK[0m
  ADD(type=f16,ne=[1280,16,16,1],nr=[1,1,1,1],nf=1,perm1=0,src_overlap=0): [1;32mOK[0m
  ADD(type=f16,ne=[1280,1,1,1],nr=[1,256,1,1],nf=1,perm1=0,src_overlap=0): ggml_backend_cuda_graph_compute: CUDA graph warmup complete
ggml_backend_cuda_graph_compute: CUDA graph warmup complete
[1;32mOK[0m
  ADD(type=f16,ne=[1,1,1280,1],nr=[16,16,1,1],nf=1,perm1=0,src_overlap=0): ggml_backend_cuda_graph_compute: CUDA graph warmup reset
ggml_backend_cuda_graph_compute: CUDA graph warmup reset
[1;32mOK[0m
  ADD(type=f16,ne=[16,16,1280,1],nr=[1,1,1,1],nf=1,perm1=0,src_overlap=0): ggml_backend_cuda_graph_compute: CUDA graph warmup reset
[1;32mOK[0m
  ADD(type=f16,ne=[1,1,1920,1],nr=[16,16,1,1],nf=1,perm1=0,src_overlap=0): ggml_backend_cuda_graph_compute: CUDA graph warmup reset
[1;32mOK[0m
  ADD(type=f16,ne=[1,1,2560,1],nr=[16,16,1,1],nf=1,perm1=0,src_overlap=0): ggml_backend_cuda_graph_compute: CUDA graph warmup complete
[1;32mOK[0m
  ADD(type=f16,ne=[1,1,1280,1],nr=[32,32,1,1],nf=1,perm1=0,src_overlap=0): ggml_backend_cuda_graph_compute: CUDA graph warmup reset
[1;32mOK[0m
  ADD(type=f16,ne=[1,1,1920,1],nr=[32,32,1,1],nf=1,perm1=0,src_overlap=0): [1;32mOK[0m
  ADD(type=f16,ne=[1,1,640,1],nr=[32,32,1,1],nf=1,perm1=0,src_overlap=0): ggml_backend_cuda_graph_compute: CUDA graph warmup complete
[1;32mOK[0m
  ADD(type=f16,ne=[5120,1,1,1],nr=[1,256,1,1],nf=1,perm1=0,src_overlap=0): ggml_backend_cuda_graph_compute: CUDA graph warmup reset
[1;32mOK[0m
  ADD(type=f16,ne=[640,1,1,1],nr=[1,1,1,1],nf=1,perm1=0,src_overlap=0): [1;32mOK[0m
  ADD(type=f16,ne=[64,262144,1,1],nr=[1,1,1,1],nf=1,perm1=0,src_overlap=0): [1;32mOK[0m
  ADD(type=f32,ne=[1,1,8,1],nr=[1,1,1,1],nf=1,perm1=0,src_overlap=0): ggml_backend_cuda_graph_compute: CUDA graph warmup complete
ggml_backend_cuda_graph_compute: CUDA graph warmup complete
ggml_backend_cuda_graph_compute: CUDA graph warmup complete
ggml_backend_cuda_graph_compute: CUDA graph warmup complete
[1;32mOK[0m
  ADD(type=f32,ne=[1,1,1,1],nr=[32,1,1,1],nf=1,perm1=0,src_overlap=0): ggml_backend_cuda_graph_compute: CUDA graph warmup reset
ggml_backend_cuda_graph_compute: CUDA graph warmup reset
ggml_backend_cuda_graph_compute: CUDA graph warmup reset
[1;32mOK[0m
  ADD(type=f32,ne=[1,1,320,320],nr=[1,1,1,1],nf=1,perm1=0,src_overlap=0): [1;32mOK[0m
  ADD(type=f32,ne=[10,5,1,1],nr=[1,1,1,1],nf=1,perm1=0,src_overlap=0): [1;32mOK[0m
  ADD(type=f32,ne=[10,5,4,1],nr=[1,1,1,1],nf=1,perm1=0,src_overlap=0): [1;32mOK[0m
  ADD(type=f32,ne=[10,5,4,3],nr=[1,1,1,1],nf=1,perm1=0,src_overlap=0): [1;32mOK[0m
  ADD(type=f32,ne=[10,5,4,3],nr=[2,1,1,1],nf=1,perm1=0,src_overlap=0): ggml_backend_cuda_graph_compute: CUDA graph warmup complete
ggml_backend_cuda_graph_compute: CUDA graph warmup complete
ggml_backend_cuda_graph_compute: CUDA graph warmup complete
[1;32mOK[0m
  ADD(type=f32,ne=[10,5,4,3],nr=[1,2,1,1],nf=1,perm1=0,src_overlap=0): [1;32mOK[0m
  ADD(type=f32,ne=[10,5,4,3],nr=[1,1,2,1],nf=1,perm1=0,src_overlap=0): [1;32mOK[0m
  ADD(type=f32,ne=[10,5,4,3],nr=[1,1,1,2],nf=1,perm1=0,src_overlap=0): ggml_backend_cuda_graph_compute: CUDA graph warmup reset
ggml_backend_cuda_graph_compute: CUDA graph warmup reset
ggml_backend_cuda_graph_compute: CUDA graph warmup reset
[1;32mOK[0m
  ADD(type=f32,ne=[10,5,4,3],nr=[1,1,2,2],nf=1,perm1=0,src_overlap=0): [1;32mOK[0m
  ADD(type=f32,ne=[10,5,4,3],nr=[1,2,2,2],nf=1,perm1=0,src_overlap=0): [1;32mOK[0m
  ADD(type=f32,ne=[10,5,4,3],nr=[2,2,2,2],nf=1,perm1=0,src_overlap=0): [1;32mOK[0m
  ADD(type=f32,ne=[1,1,8,1],nr=[1,1,1,1],nf=1,perm1=1,src_overlap=0): ggml_backend_cuda_graph_compute: CUDA graph warmup complete
ggml_backend_cuda_graph_compute: CUDA graph warmup complete
ggml_backend_cuda_graph_compute: CUDA graph warmup complete
[1;32mOK[0m
  ADD(type=f32,ne=[1,1,1,1],nr=[32,1,1,1],nf=1,perm1=1,src_overlap=0): ggml_backend_cuda_graph_compute: CUDA graph warmup reset
ggml_backend_cuda_graph_compute: CUDA graph warmup reset
ggml_backend_cuda_graph_compute: CUDA graph warmup reset
[1;32mOK[0m
  ADD(type=f32,ne=[1,1,320,320],nr=[1,1,1,1],nf=1,perm1=1,src_overlap=0): [1;32mOK[0m
  ADD(type=f32,ne=[10,5,1,1],nr=[1,1,1,1],nf=1,perm1=1,src_overlap=0): [1;32mOK[0m
  ADD(type=f32,ne=[10,5,4,1],nr=[1,1,1,1],nf=1,perm1=1,src_overlap=0): [1;32mOK[0m
  ADD(type=f32,ne=[10,5,4,3],nr=[1,1,1,1],nf=1,perm1=1,src_overlap=0): [1;32mOK[0m
  ADD(type=f32,ne=[10,5,4,3],nr=[2,1,1,1],nf=1,perm1=1,src_overlap=0): ggml_backend_cuda_graph_compute: CUDA graph warmup complete
ggml_backend_cuda_graph_compute: CUDA graph warmup complete
ggml_backend_cuda_graph_compute: CUDA graph warmup complete
ggml_backend_cuda_graph_compute: CUDA graph warmup complete
[1;32mOK[0m
  ADD(type=f32,ne=[10,5,4,3],nr=[1,2,1,1],nf=1,perm1=1,src_overlap=0): [1;32mOK[0m
  ADD(type=f32,ne=[10,5,4,3],nr=[1,1,2,1],nf=1,perm1=1,src_overlap=0): [1;32mOK[0m
  ADD(type=f32,ne=[10,5,4,3],nr=[1,1,1,2],nf=1,perm1=1,src_overlap=0): ggml_backend_cuda_graph_compute: CUDA graph warmup reset
ggml_backend_cuda_graph_compute: CUDA graph warmup reset
ggml_backend_cuda_graph_compute: CUDA graph warmup reset
ggml_backend_cuda_graph_compute: CUDA graph warmup reset
[1;32mOK[0m
  ADD(type=f32,ne=[10,5,4,3],nr=[1,1,2,2],nf=1,perm1=1,src_overlap=0): [1;32mOK[0m
  ADD(type=f32,ne=[10,5,4,3],nr=[1,2,2,2],nf=1,perm1=1,src_overlap=0): [1;32mOK[0m
  ADD(type=f32,ne=[10,5,4,3],nr=[2,2,2,2],nf=1,perm1=1,src_overlap=0): [1;32mOK[0m
  ADD(type=f32,ne=[10,5,4,6],nr=[1,1,1,1],nf=1,perm1=0,src_overlap=1): [1;32mOK[0m
  ADD(type=f32,ne=[10,5,4,5],nr=[1,1,1,1],nf=1,perm1=0,src_overlap=1): [1;32mOK[0m
  ADD(type=f32,ne=[1,1,120,120],nr=[1,1,1,1],nf=1,perm1=0,src_overlap=1): [1;32mOK[0m
  ADD(type=f32,ne=[1,1,4,320],nr=[1,1,1,1],nf=1,perm1=0,src_overlap=1): ggml_backend_cuda_graph_compute: CUDA graph warmup reset
[1;32mOK[0m
  ADD(type=f32,ne=[1,1,65536,1],nr=[256,1,1,1],nf=1,perm1=0,src_overlap=0): [1;32mOK[0m
  ADD(type=f32,ne=[1280,1,1,1],nr=[1,1,1,1],nf=1,perm1=0,src_overlap=0): [1;32mOK[0m
  ADD(type=f32,ne=[1280,1,1,1],nr=[1,16,16,1],nf=1,perm1=0,src_overlap=0): ggml_backend_cuda_graph_compute: CUDA graph warmup complete
ggml_backend_cuda_graph_compute: CUDA graph warmup complete
[1;32mOK[0m
  ADD(type=f32,ne=[1280,16,16,1],nr=[1,1,1,1],nf=1,perm1=0,src_overlap=0): [1;32mOK[0m
  ADD(type=f32,ne=[1280,1,1,1],nr=[1,256,1,1],nf=1,perm1=0,src_overlap=0): ggml_backend_cuda_graph_compute: CUDA graph warmup complete
ggml_backend_cuda_graph_compute: CUDA graph warmup complete
[1;32mOK[0m
  ADD(type=f32,ne=[1,1,1280,1],nr=[16,16,1,1],nf=1,perm1=0,src_overlap=0): ggml_backend_cuda_graph_compute: CUDA graph warmup reset
ggml_backend_cuda_graph_compute: CUDA graph warmup reset
[1;32mOK[0m
  ADD(type=f32,ne=[16,16,1280,1],nr=[1,1,1,1],nf=1,perm1=0,src_overlap=0): ggml_backend_cuda_graph_compute: CUDA graph warmup reset
[1;32mOK[0m
  ADD(type=f32,ne=[1,1,1920,1],nr=[16,16,1,1],nf=1,perm1=0,src_overlap=0): [1;32mOK[0m
  ADD(type=f32,ne=[1,1,2560,1],nr=[16,16,1,1],nf=1,perm1=0,src_overlap=0): ggml_backend_cuda_graph_compute: CUDA graph warmup reset
[1;32mOK[0m
  ADD(type=f32,ne=[1,1,1280,1],nr=[32,32,1,1],nf=1,perm1=0,src_overlap=0): ggml_backend_cuda_graph_compute: CUDA graph warmup complete
[1;32mOK[0m
  ADD(type=f32,ne=[1,1,1920,1],nr=[32,32,1,1],nf=1,perm1=0,src_overlap=0): ggml_backend_cuda_graph_compute: CUDA graph warmup reset
[1;32mOK[0m
  ADD(type=f32,ne=[1,1,640,1],nr=[32,32,1,1],nf=1,perm1=0,src_overlap=0): [1;32mOK[0m
  ADD(type=f32,ne=[5120,1,1,1],nr=[1,256,1,1],nf=1,perm1=0,src_overlap=0): [1;32mOK[0m
  ADD(type=f32,ne=[640,1,1,1],nr=[1,1,1,1],nf=1,perm1=0,src_overlap=0): [1;32mOK[0m
  ADD(type=f32,ne=[64,262144,1,1],nr=[1,1,1,1],nf=1,perm1=0,src_overlap=0): [1;32mOK[0m
  ADD(type=f32,ne=[16,5,4,3],nr=[1,1,1,1],nf=16,perm1=0,src_overlap=0): [1;32mOK[0m
  ADD(type=f32,ne=[10,5,4,3],nr=[2,1,1,1],nf=2,perm1=0,src_overlap=0): [1;32mOK[0m
  ADD(type=f32,ne=[16,5,4,3],nr=[1,2,1,1],nf=3,perm1=0,src_overlap=0): [1;32mOK[0m
  ADD(type=f32,ne=[10,5,4,3],nr=[1,1,2,1],nf=4,perm1=0,src_overlap=0): [1;32mOK[0m
  ADD(type=f32,ne=[16,5,4,3],nr=[1,1,1,2],nf=5,perm1=0,src_overlap=0): [1;32mOK[0m
  ADD(type=f32,ne=[10,5,4,3],nr=[1,1,2,2],nf=6,perm1=0,src_overlap=0): [1;32mOK[0m
  ADD(type=f32,ne=[10,5,4,3],nr=[1,2,2,2],nf=7,perm1=0,src_overlap=0): [1;32mOK[0m
  ADD(type=f32,ne=[16,5,4,3],nr=[2,2,2,2],nf=8,perm1=0,src_overlap=0): [1;32mOK[0m
  ADD(type=f32,ne=[16,5,4,3],nr=[1,1,1,1],nf=16,perm1=0,src_overlap=0): [1;32mOK[0m
  99/99 tests passed
  Backend CUDA0: [1;32mOK[0m
Backend 2/2: CPU
  Skipping
2/2 backends passed
[1;32mOK[0m
